
> nextn@0.1.0 build
> next build

   Ôû▓ Next.js 15.3.3
   - Environments: .env.local, .env

   Creating an optimized production build ...
